// Jest Snapshot v1, https://goo.gl/fbAQLP

exports[`Snapshot Tests renders the UI as expected when "initialCount" is provided 1`] = `
<button
  onClick={[Function]}
>
  I have been clicked 
  42
   
  times
</button>
`;

exports[`Snapshot Tests renders the UI as expected when no props are provided 1`] = `
<button
  onClick={[Function]}
>
  I have been clicked 
  0
   
  times
</button>
`;
